                                   MODFLOW 6
                U.S. GEOLOGICAL SURVEY MODULAR HYDROLOGIC MODEL
                          GROUNDWATER FLOW MODEL (GWF)
                            VERSION 6.2.2 07/30/2021

   MODFLOW 6 compiled Jul 31 2021 14:59:11 with IFORT compiler (ver. 20.21.2)

This software has been approved for release by the U.S. Geological 
Survey (USGS). Although the software has been subjected to rigorous 
review, the USGS reserves the right to update the software as needed 
pursuant to further analysis and review. No warranty, expressed or 
implied, is made by the USGS or the U.S. Government as to the 
functionality of the software and related material nor shall the 
fact of release constitute any such warranty. Furthermore, the 
software is released on condition that neither the USGS nor the U.S. 
Government shall be held liable for any damages resulting from its 
authorized or unauthorized use. Also refer to the USGS Water 
Resources Software User Rights Notice for complete use, copyright, 
and distribution information.


System command used to initiate simulation:
P:/watmodel/python38/python.exe  P:\watmodel\CWATM\model\GitHub_Mikhail\CWatM-Israel\run_cwatm.py settings_Saudi_WaterCycles_windows_2ndTests_Circles.ini -l

MODFLOW was compiled using uniform precision.

Real Variables
  KIND: 8
  TINY (smallest non-zero value):    2.225074-308
  HUGE (largest value):    1.797693+308
  PRECISION: 15
  BIT SIZE: 64

Integer Variables
  KIND: 4
  HUGE (largest value): 2147483647
  BIT SIZE: 32

Long Integer Variables
  KIND: 8
  HUGE (largest value): 9223372036854775807
  BIT SIZE: 64

Logical Variables
  KIND: 4
  BIT SIZE: 32
 

 OPENED TRANSIENT.dis
 FILE TYPE:DIS6                   UNIT 1006   STATUS:OLD                 
 FORMAT:FORMATTED              ACCESS:SEQUENTIAL          
 ACTION:READ                


 OPENED TRANSIENT.ic
 FILE TYPE:IC6                    UNIT 1007   STATUS:OLD                 
 FORMAT:FORMATTED              ACCESS:SEQUENTIAL          
 ACTION:READ                


 OPENED TRANSIENT.npf
 FILE TYPE:NPF6                   UNIT 1008   STATUS:OLD                 
 FORMAT:FORMATTED              ACCESS:SEQUENTIAL          
 ACTION:READ                


 OPENED TRANSIENT.oc
 FILE TYPE:OC6                    UNIT 1009   STATUS:OLD                 
 FORMAT:FORMATTED              ACCESS:SEQUENTIAL          
 ACTION:READ                


 OPENED TRANSIENT.sto
 FILE TYPE:STO6                   UNIT 1010   STATUS:OLD                 
 FORMAT:FORMATTED              ACCESS:SEQUENTIAL          
 ACTION:READ                


 OPENED TRANSIENT.rch
 FILE TYPE:RCH6                   UNIT 1011   STATUS:OLD                 
 FORMAT:FORMATTED              ACCESS:SEQUENTIAL          
 ACTION:READ                


 OPENED TRANSIENT.wel
 FILE TYPE:WEL6                   UNIT 1012   STATUS:OLD                 
 FORMAT:FORMATTED              ACCESS:SEQUENTIAL          
 ACTION:READ                


 OPENED TRANSIENT.drn
 FILE TYPE:DRN6                   UNIT 1013   STATUS:OLD                 
 FORMAT:FORMATTED              ACCESS:SEQUENTIAL          
 ACTION:READ                

 NAMEFILE OPTIONS:
    NEWTON-RAPHSON method enabled for the model.
    NEWTON-RAPHSON UNDER-RELAXATION based on the bottom elevation of the model will be applied to the model.

 DIS -- STRUCTURED GRID DISCRETIZATION PACKAGE, VERSION 2 : 3/27/2014 - INPUT READ FROM UNIT 1006


 # File generated by Flopy version 3.3.4 on 10/31/2022 at 11:56:26.
 PROCESSING DISCRETIZATION OPTIONS
    BINARY GRB FILE WILL NOT BE WRITTEN
 END OF DISCRETIZATION OPTIONS
 MODEL LENGTH UNIT IS UNDEFINED
 PROCESSING DISCRETIZATION DIMENSIONS
    NLAY =       2
    NROW =     395
    NCOL =     449
 END OF DISCRETIZATION DIMENSIONS
 PROCESSING GRIDDATA

                     DELR =   2500.000    

                     DELC =   2500.000    
 END PROCESSING GRIDDATA

 THE SPECIFIED IDOMAIN RESULTS IN A REDUCED NUMBER OF CELLS.
 NUMBER OF USER NODES: 354710
 NUMBER OF NODES IN SOLUTION: 196648



 NPF -- NODE PROPERTY FLOW PACKAGE, VERSION 1, 3/30/2015 INPUT READ FROM UNIT 1008


 # File generated by Flopy version 3.3.4 on 10/31/2022 at 11:56:37.
 PROCESSING NPF OPTIONS
    CELL-BY-CELL FLOW INFORMATION WILL BE SAVED TO BINARY FILE WHENEVER ICBCFL IS NOT ZERO.
 END OF NPF OPTIONS

 WEL   -- WEL PACKAGE, VERSION 8, 2/22/2014 INPUT READ FROM UNIT 1012
 # File generated by Flopy version 3.3.4 on 10/31/2022 at 11:56:47.

 PROCESSING WEL OPTIONS
    AUTOMATIC FLOW REDUCTION OF WELLS IMPLEMENTED.
    AUTOMATIC FLOW REDUCTION FRACTION (  0.1000000    ).
 END OF WEL OPTIONS

 PROCESSING WEL DIMENSIONS
    MAXBOUND =  196648
 END OF WEL DIMENSIONS

 DRN   -- DRN PACKAGE, VERSION 8, 2/22/2014 INPUT READ FROM UNIT 1013
 # File generated by Flopy version 3.3.4 on 10/31/2022 at 11:56:54.

 PROCESSING DRN OPTIONS
 END OF DRN OPTIONS

 PROCESSING DRN DIMENSIONS
    MAXBOUND =   98324
 END OF DRN DIMENSIONS

 RCH   -- RCH PACKAGE, VERSION 8, 2/22/2014 INPUT READ FROM UNIT 1011
 # File generated by Flopy version 3.3.4 on 10/31/2022 at 11:56:45.

 PROCESSING RCH OPTIONS
 END OF RCH OPTIONS

 PROCESSING RCH DIMENSIONS
    MAXBOUND =   98324
 END OF RCH DIMENSIONS

 IC -- INITIAL CONDITIONS PACKAGE, VERSION 8, 3/28/2015 INPUT READ FROM UNIT 1007
 # File generated by Flopy version 3.3.4 on 10/31/2022 at 11:56:33.
 PROCESSING GRIDDATA
 END PROCESSING GRIDDATA
 PROCESSING GRIDDATA
 K33 not provided.  Assuming K33 = K.
 K22 not provided.  Assuming K22 = K.
 END PROCESSING GRIDDATA

 STO -- STORAGE PACKAGE, VERSION 1, 5/19/2014 INPUT READ FROM UNIT 1010


 # File generated by Flopy version 3.3.4 on 10/31/2022 at 11:56:40.
 PROCESSING STORAGE OPTIONS
 END OF STORAGE OPTIONS
 PROCESSING GRIDDATA
 END PROCESSING GRIDDATA
      THE LAST TIME STEP WILL BE PRINTED
      THE LAST TIME STEP WILL BE PRINTED
 # File generated by Flopy version 3.3.4 on 10/31/2022 at 11:56:40.

 PROCESSING OC OPTIONS

    HEAD INFORMATION WILL BE WRITTEN TO:
      UNIT NUMBER: 1015
      FILE NAME: TRANSIENT.hds

 OPENED TRANSIENT.hds
 FILE TYPE:DATA(BINARY)   UNIT 1015   STATUS:REPLACE             
 FORMAT:UNFORMATTED            ACCESS:STREAM              
 ACTION:READWRITE           

 END OF OC OPTIONS

start timestep kper="1" kstp="1" mode="normal"


 BEGIN READING OUTPUT CONTROL FOR STRESS PERIOD 1
      THE FOLLOWING FREQUENCY WILL BE SAVED: 10

 END READING OUTPUT CONTROL FOR STRESS PERIOD 1


 PROCESSING STORAGE PERIOD DATA
 END PROCESSING STORAGE PERIOD DATA


 STRESS PERIOD 1 IS TRANSIENT



  VOLUME BUDGET FOR ENTIRE MODEL AT END OF TIME STEP    1, STRESS PERIOD   1
  ---------------------------------------------------------------------------------------------------

     CUMULATIVE VOLUME      L**3       RATES FOR THIS TIME STEP      L**3/T          PACKAGE NAME    
     ------------------                 ------------------------                     ----------------

           IN:                                      IN:
           ---                                      ---
              STO-SS =   123368747.6159                STO-SS =   123368747.6159     STORAGE         
              STO-SY =    95728285.5289                STO-SY =    95728285.5289     STORAGE         
                 WEL =           0.0000                   WEL =           0.0000     WEL_0           
                 DRN =           0.0000                   DRN =           0.0000     DRN_0           
                 RCH =    42983928.5101                   RCH =    42983928.5101     RCH_0           

            TOTAL IN =   262080961.6550              TOTAL IN =   262080961.6550

          OUT:                                     OUT:
          ----                                     ----
              STO-SS =     3860089.1787                STO-SS =     3860089.1787     STORAGE         
              STO-SY =    33513198.7734                STO-SY =    33513198.7734     STORAGE         
                 WEL =   215265427.0131                   WEL =   215265427.0131     WEL_0           
                 DRN =     9442246.2926                   DRN =     9442246.2926     DRN_0           
                 RCH =           0.0000                   RCH =           0.0000     RCH_0           

           TOTAL OUT =   262080961.2579             TOTAL OUT =   262080961.2579

            IN - OUT =           0.3971              IN - OUT =           0.3971

 PERCENT DISCREPANCY =           0.00     PERCENT DISCREPANCY =           0.00




         TIME SUMMARY AT END OF TIME STEP    1 IN STRESS PERIOD    1
                          TIME STEP LENGTH =    1.00000    
                        STRESS PERIOD TIME =    1.00000    
                     TOTAL SIMULATION TIME =    1.00000    

end timestep


start timestep kper="2" kstp="1" mode="normal"


 END OF FILE DETECTED IN OUTPUT CONTROL.
 CURRENT OUTPUT CONTROL SETTINGS WILL BE 
 REPEATED UNTIL THE END OF THE SIMULATION.

 OUTPUT CONTROL FOR STRESS PERIOD 2 IS REPEATED USING SETTINGS FROM A PREVIOUS STRESS PERIOD.


 STRESS PERIOD 2 IS TRANSIENT


 REUSING WELS FROM LAST STRESS PERIOD

 REUSING DRNS FROM LAST STRESS PERIOD

 REUSING RCHS FROM LAST STRESS PERIOD


  VOLUME BUDGET FOR ENTIRE MODEL AT END OF TIME STEP    1, STRESS PERIOD   2
  ---------------------------------------------------------------------------------------------------

     CUMULATIVE VOLUME      L**3       RATES FOR THIS TIME STEP      L**3/T          PACKAGE NAME    
     ------------------                 ------------------------                     ----------------

           IN:                                      IN:
           ---                                      ---
              STO-SS =   125879947.0817                STO-SS =     2511199.4658     STORAGE         
              STO-SY =   115186729.9422                STO-SY =    19458444.4133     STORAGE         
                 WEL =           0.0000                   WEL =           0.0000     WEL_0           
                 DRN =           0.0000                   DRN =           0.0000     DRN_0           
                 RCH =   153813036.4567                   RCH =   110829107.9466     RCH_0           

            TOTAL IN =   394879713.4807              TOTAL IN =   132798751.8257

          OUT:                                     OUT:
          ----                                     ----
              STO-SS =    17420839.3022                STO-SS =    13560750.1234     STORAGE         
              STO-SY =   139423525.2115                STO-SY =   105910326.4381     STORAGE         
                 WEL =   218764921.5070                   WEL =     3499494.4939     WEL_0           
                 DRN =    19270427.9858                   DRN =     9828181.6932     DRN_0           
                 RCH =           0.0000                   RCH =           0.0000     RCH_0           

           TOTAL OUT =   394879714.0065             TOTAL OUT =   132798752.7486

            IN - OUT =          -0.5258              IN - OUT =          -0.9230

 PERCENT DISCREPANCY =          -0.00     PERCENT DISCREPANCY =          -0.00




         TIME SUMMARY AT END OF TIME STEP    1 IN STRESS PERIOD    2
                          TIME STEP LENGTH =    1.00000    
                        STRESS PERIOD TIME =    1.00000    
                     TOTAL SIMULATION TIME =    2.00000    

end timestep


start timestep kper="3" kstp="1" mode="normal"


 OUTPUT CONTROL FOR STRESS PERIOD 3 IS REPEATED USING SETTINGS FROM A PREVIOUS STRESS PERIOD.


 STRESS PERIOD 3 IS TRANSIENT


 REUSING WELS FROM LAST STRESS PERIOD

 REUSING DRNS FROM LAST STRESS PERIOD

 REUSING RCHS FROM LAST STRESS PERIOD


  VOLUME BUDGET FOR ENTIRE MODEL AT END OF TIME STEP    1, STRESS PERIOD   3
  ---------------------------------------------------------------------------------------------------

     CUMULATIVE VOLUME      L**3       RATES FOR THIS TIME STEP      L**3/T          PACKAGE NAME    
     ------------------                 ------------------------                     ----------------

           IN:                                      IN:
           ---                                      ---
              STO-SS =   138601603.2565                STO-SS =    12721656.1748     STORAGE         
              STO-SY =   144141528.2832                STO-SY =    28954798.3410     STORAGE         
                 WEL =           0.0000                   WEL =           0.0000     WEL_0           
                 DRN =           0.0000                   DRN =           0.0000     DRN_0           
                 RCH =   163778425.0464                   RCH =     9965388.5896     RCH_0           

            TOTAL IN =   446521556.5861              TOTAL IN =    51641843.1054

          OUT:                                     OUT:
          ----                                     ----
              STO-SS =    28549657.9796                STO-SS =    11128818.6774     STORAGE         
              STO-SY =   149562464.9161                STO-SY =    10138939.7046     STORAGE         
                 WEL =   239841391.6583                   WEL =    21076470.1513     WEL_0           
                 DRN =    28568043.7195                   DRN =     9297615.7336     DRN_0           
                 RCH =           0.0000                   RCH =           0.0000     RCH_0           

           TOTAL OUT =   446521558.2735             TOTAL OUT =    51641844.2670

            IN - OUT =          -1.6874              IN - OUT =          -1.1615

 PERCENT DISCREPANCY =          -0.00     PERCENT DISCREPANCY =          -0.00




         TIME SUMMARY AT END OF TIME STEP    1 IN STRESS PERIOD    3
                          TIME STEP LENGTH =    1.00000    
                        STRESS PERIOD TIME =    1.00000    
                     TOTAL SIMULATION TIME =    3.00000    

end timestep


start timestep kper="4" kstp="1" mode="normal"


 OUTPUT CONTROL FOR STRESS PERIOD 4 IS REPEATED USING SETTINGS FROM A PREVIOUS STRESS PERIOD.


 STRESS PERIOD 4 IS TRANSIENT


 REUSING WELS FROM LAST STRESS PERIOD

 REUSING DRNS FROM LAST STRESS PERIOD

 REUSING RCHS FROM LAST STRESS PERIOD


  VOLUME BUDGET FOR ENTIRE MODEL AT END OF TIME STEP    1, STRESS PERIOD   4
  ---------------------------------------------------------------------------------------------------

     CUMULATIVE VOLUME      L**3       RATES FOR THIS TIME STEP      L**3/T          PACKAGE NAME    
     ------------------                 ------------------------                     ----------------

           IN:                                      IN:
           ---                                      ---
              STO-SS =   149151523.5156                STO-SS =    10549920.2591     STORAGE         
              STO-SY =   169376642.5678                STO-SY =    25235114.2846     STORAGE         
                 WEL =           0.0000                   WEL =           0.0000     WEL_0           
                 DRN =           0.0000                   DRN =           0.0000     DRN_0           
                 RCH =   173975298.3468                   RCH =    10196873.3005     RCH_0           

            TOTAL IN =   492503464.4303              TOTAL IN =    45981907.8442

          OUT:                                     OUT:
          ----                                     ----
              STO-SS =    39427522.4655                STO-SS =    10877864.4859     STORAGE         
              STO-SY =   159258039.2554                STO-SY =     9695574.3393     STORAGE         
                 WEL =   255933829.9810                   WEL =    16092438.3227     WEL_0           
                 DRN =    37884073.3988                   DRN =     9316029.6793     DRN_0           
                 RCH =           0.0000                   RCH =           0.0000     RCH_0           

           TOTAL OUT =   492503465.1007             TOTAL OUT =    45981906.8272

            IN - OUT =          -0.6704              IN - OUT =           1.0169

 PERCENT DISCREPANCY =          -0.00     PERCENT DISCREPANCY =           0.00




         TIME SUMMARY AT END OF TIME STEP    1 IN STRESS PERIOD    4
                          TIME STEP LENGTH =    1.00000    
                        STRESS PERIOD TIME =    1.00000    
                     TOTAL SIMULATION TIME =    4.00000    

end timestep


start timestep kper="5" kstp="1" mode="normal"


 OUTPUT CONTROL FOR STRESS PERIOD 5 IS REPEATED USING SETTINGS FROM A PREVIOUS STRESS PERIOD.


 STRESS PERIOD 5 IS TRANSIENT


 REUSING WELS FROM LAST STRESS PERIOD

 REUSING DRNS FROM LAST STRESS PERIOD

 REUSING RCHS FROM LAST STRESS PERIOD


  VOLUME BUDGET FOR ENTIRE MODEL AT END OF TIME STEP    1, STRESS PERIOD   5
  ---------------------------------------------------------------------------------------------------

     CUMULATIVE VOLUME      L**3       RATES FOR THIS TIME STEP      L**3/T          PACKAGE NAME    
     ------------------                 ------------------------                     ----------------

           IN:                                      IN:
           ---                                      ---
              STO-SS =   160459822.3062                STO-SS =    11308298.7906     STORAGE         
              STO-SY =   190274426.5761                STO-SY =    20897784.0083     STORAGE         
                 WEL =           0.0000                   WEL =           0.0000     WEL_0           
                 DRN =           0.0000                   DRN =           0.0000     DRN_0           
                 RCH =   217118376.2428                   RCH =    43143077.8959     RCH_0           

            TOTAL IN =   567852625.1251              TOTAL IN =    75349160.6948

          OUT:                                     OUT:
          ----                                     ----
              STO-SS =    50482380.9050                STO-SS =    11054858.4395     STORAGE         
              STO-SY =   195795203.7148                STO-SY =    36537164.4594     STORAGE         
                 WEL =   273868439.1986                   WEL =    17934609.2176     WEL_0           
                 DRN =    47706597.7118                   DRN =     9822524.3130     DRN_0           
                 RCH =           0.0000                   RCH =           0.0000     RCH_0           

           TOTAL OUT =   567852621.5302             TOTAL OUT =    75349156.4296

            IN - OUT =           3.5949              IN - OUT =           4.2653

 PERCENT DISCREPANCY =           0.00     PERCENT DISCREPANCY =           0.00




         TIME SUMMARY AT END OF TIME STEP    1 IN STRESS PERIOD    5
                          TIME STEP LENGTH =    1.00000    
                        STRESS PERIOD TIME =    1.00000    
                     TOTAL SIMULATION TIME =    5.00000    

end timestep

